§1234567890-=]\,./';¡™£¢∞§¶•ªº–≠œ∑´®†¥¨ˆøπ“‘åß∂ƒ©˙∆˚¬…æ«Ω≈ç√∫˜µ≤≥÷
|
